// Jest Snapshot v1, https://goo.gl/fbAQLP

exports[`renders correctly 1`] = `
<Modal
  hardwareAccelerated={false}
  visible={true}
>
  <RCTScrollView
    contentContainerStyle={
      Object {
        "alignItems": "center",
        "paddingBottom": 44,
        "paddingTop": 22,
        "position": "relative",
        "width": "100%",
      }
    }
  >
    <View>
      <View
        accessible={true}
        isTVSelectable={true}
        onResponderGrant={[Function]}
        onResponderMove={[Function]}
        onResponderRelease={[Function]}
        onResponderTerminate={[Function]}
        onResponderTerminationRequest={[Function]}
        onStartShouldSetResponder={[Function]}
        style={
          Object {
            "lineHeight": 40,
            "opacity": 1,
            "position": "absolute",
            "right": 0,
            "top": 30,
            "zIndex": 100,
          }
        }
      >
        <Text />
      </View>
      <Text
        style={
          Object {
            "fontSize": 16,
            "fontWeight": "bold",
            "lineHeight": 44,
          }
        }
      />
      <View
        style={
          Object {
            "marginTop": 20,
          }
        }
      >
        <View
          accessibilityRole="button"
          accessibilityStates={Array []}
          accessible={true}
          isTVSelectable={true}
          onResponderGrant={[Function]}
          onResponderMove={[Function]}
          onResponderRelease={[Function]}
          onResponderTerminate={[Function]}
          onResponderTerminationRequest={[Function]}
          onStartShouldSetResponder={[Function]}
          style={
            Object {
              "opacity": 1,
            }
          }
        >
          <View
            style={
              Array [
                Object {},
              ]
            }
          >
            <Text
              style={
                Array [
                  Object {
                    "color": "#007AFF",
                    "fontSize": 18,
                    "padding": 8,
                    "textAlign": "center",
                  },
                ]
              }
            >
              action
            </Text>
          </View>
        </View>
      </View>
    </View>
  </RCTScrollView>
</Modal>
`;
